Archive member included to satisfy reference by file (symbol)

C:/ST/STM32CubeIDE_1.14.0/STM32CubeIDE/plugins/com.st.stm32cube.ide.mcu.externaltools.gnu-tools-for-stm32.11.3.rel1.win32_1.1.100.202309141235/tools/bin/../lib/gcc/arm-none-eabi/11.3.1/../../../../arm-none-eabi/lib/thumb/v7-m/nofp\libc_nano.a(libc_a-exit.o)
                              C:/ST/STM32CubeIDE_1.14.0/STM32CubeIDE/plugins/com.st.stm32cube.ide.mcu.externaltools.gnu-tools-for-stm32.11.3.rel1.win32_1.1.100.202309141235/tools/bin/../lib/gcc/arm-none-eabi/11.3.1/../../../../arm-none-eabi/lib/thumb/v7-m/nofp/crt0.o (exit)
C:/ST/STM32CubeIDE_1.14.0/STM32CubeIDE/plugins/com.st.stm32cube.ide.mcu.externaltools.gnu-tools-for-stm32.11.3.rel1.win32_1.1.100.202309141235/tools/bin/../lib/gcc/arm-none-eabi/11.3.1/../../../../arm-none-eabi/lib/thumb/v7-m/nofp\libc_nano.a(libc_a-findfp.o)
                              C:/ST/STM32CubeIDE_1.14.0/STM32CubeIDE/plugins/com.st.stm32cube.ide.mcu.externaltools.gnu-tools-for-stm32.11.3.rel1.win32_1.1.100.202309141235/tools/bin/../lib/gcc/arm-none-eabi/11.3.1/../../../../arm-none-eabi/lib/thumb/v7-m/nofp\libc_nano.a(libc_a-exit.o) (__stdio_exit_handler)
C:/ST/STM32CubeIDE_1.14.0/STM32CubeIDE/plugins/com.st.stm32cube.ide.mcu.externaltools.gnu-tools-for-stm32.11.3.rel1.win32_1.1.100.202309141235/tools/bin/../lib/gcc/arm-none-eabi/11.3.1/../../../../arm-none-eabi/lib/thumb/v7-m/nofp\libc_nano.a(libc_a-fwalk.o)
                              C:/ST/STM32CubeIDE_1.14.0/STM32CubeIDE/plugins/com.st.stm32cube.ide.mcu.externaltools.gnu-tools-for-stm32.11.3.rel1.win32_1.1.100.202309141235/tools/bin/../lib/gcc/arm-none-eabi/11.3.1/../../../../arm-none-eabi/lib/thumb/v7-m/nofp\libc_nano.a(libc_a-findfp.o) (_fwalk_sglue)
C:/ST/STM32CubeIDE_1.14.0/STM32CubeIDE/plugins/com.st.stm32cube.ide.mcu.externaltools.gnu-tools-for-stm32.11.3.rel1.win32_1.1.100.202309141235/tools/bin/../lib/gcc/arm-none-eabi/11.3.1/../../../../arm-none-eabi/lib/thumb/v7-m/nofp\libc_nano.a(libc_a-stdio.o)
                              C:/ST/STM32CubeIDE_1.14.0/STM32CubeIDE/plugins/com.st.stm32cube.ide.mcu.externaltools.gnu-tools-for-stm32.11.3.rel1.win32_1.1.100.202309141235/tools/bin/../lib/gcc/arm-none-eabi/11.3.1/../../../../arm-none-eabi/lib/thumb/v7-m/nofp\libc_nano.a(libc_a-findfp.o) (__sread)
C:/ST/STM32CubeIDE_1.14.0/STM32CubeIDE/plugins/com.st.stm32cube.ide.mcu.externaltools.gnu-tools-for-stm32.11.3.rel1.win32_1.1.100.202309141235/tools/bin/../lib/gcc/arm-none-eabi/11.3.1/../../../../arm-none-eabi/lib/thumb/v7-m/nofp\libc_nano.a(libc_a-memset.o)
                              C:/ST/STM32CubeIDE_1.14.0/STM32CubeIDE/plugins/com.st.stm32cube.ide.mcu.externaltools.gnu-tools-for-stm32.11.3.rel1.win32_1.1.100.202309141235/tools/bin/../lib/gcc/arm-none-eabi/11.3.1/../../../../arm-none-eabi/lib/thumb/v7-m/nofp/crt0.o (memset)
C:/ST/STM32CubeIDE_1.14.0/STM32CubeIDE/plugins/com.st.stm32cube.ide.mcu.externaltools.gnu-tools-for-stm32.11.3.rel1.win32_1.1.100.202309141235/tools/bin/../lib/gcc/arm-none-eabi/11.3.1/../../../../arm-none-eabi/lib/thumb/v7-m/nofp\libc_nano.a(libc_a-closer.o)
                              C:/ST/STM32CubeIDE_1.14.0/STM32CubeIDE/plugins/com.st.stm32cube.ide.mcu.externaltools.gnu-tools-for-stm32.11.3.rel1.win32_1.1.100.202309141235/tools/bin/../lib/gcc/arm-none-eabi/11.3.1/../../../../arm-none-eabi/lib/thumb/v7-m/nofp\libc_nano.a(libc_a-stdio.o) (_close_r)
C:/ST/STM32CubeIDE_1.14.0/STM32CubeIDE/plugins/com.st.stm32cube.ide.mcu.externaltools.gnu-tools-for-stm32.11.3.rel1.win32_1.1.100.202309141235/tools/bin/../lib/gcc/arm-none-eabi/11.3.1/../../../../arm-none-eabi/lib/thumb/v7-m/nofp\libc_nano.a(libc_a-reent.o)
                              C:/ST/STM32CubeIDE_1.14.0/STM32CubeIDE/plugins/com.st.stm32cube.ide.mcu.externaltools.gnu-tools-for-stm32.11.3.rel1.win32_1.1.100.202309141235/tools/bin/../lib/gcc/arm-none-eabi/11.3.1/../../../../arm-none-eabi/lib/thumb/v7-m/nofp\libc_nano.a(libc_a-closer.o) (errno)
C:/ST/STM32CubeIDE_1.14.0/STM32CubeIDE/plugins/com.st.stm32cube.ide.mcu.externaltools.gnu-tools-for-stm32.11.3.rel1.win32_1.1.100.202309141235/tools/bin/../lib/gcc/arm-none-eabi/11.3.1/../../../../arm-none-eabi/lib/thumb/v7-m/nofp\libc_nano.a(libc_a-impure.o)
                              C:/ST/STM32CubeIDE_1.14.0/STM32CubeIDE/plugins/com.st.stm32cube.ide.mcu.externaltools.gnu-tools-for-stm32.11.3.rel1.win32_1.1.100.202309141235/tools/bin/../lib/gcc/arm-none-eabi/11.3.1/../../../../arm-none-eabi/lib/thumb/v7-m/nofp\libc_nano.a(libc_a-reent.o) (_impure_ptr)
C:/ST/STM32CubeIDE_1.14.0/STM32CubeIDE/plugins/com.st.stm32cube.ide.mcu.externaltools.gnu-tools-for-stm32.11.3.rel1.win32_1.1.100.202309141235/tools/bin/../lib/gcc/arm-none-eabi/11.3.1/../../../../arm-none-eabi/lib/thumb/v7-m/nofp\libc_nano.a(libc_a-lseekr.o)
[...]
Memory Configuration

Name             Origin             Length             Attributes
RAM              0x0000000020000000 0x0000000000005000 xrw
FLASH            0x0000000008000000 0x0000000000010000 xr
*default*        0x0000000000000000 0xffffffffffffffff

Linker script and memory map

LOAD C:/ST/STM32CubeIDE_1.14.0/STM32CubeIDE/plugins/com.st.stm32cube.ide.mcu.externaltools.gnu-tools-for-stm32.11.3.rel1.win32_1.1.100.202309141235/tools/bin/../lib/gcc/arm-none-eabi/11.3.1/thumb/v7-m/nofp/crti.o
LOAD C:/ST/STM32CubeIDE_1.14.0/STM32CubeIDE/plugins/com.st.stm32cube.ide.mcu.externaltools.gnu-tools-for-stm32.11.3.rel1.win32_1.1.100.202309141235/tools/bin/../lib/gcc/arm-none-eabi/11.3.1/thumb/v7-m/nofp/crtbegin.o
LOAD C:/ST/STM32CubeIDE_1.14.0/STM32CubeIDE/plugins/com.st.stm32cube.ide.mcu.externaltools.gnu-tools-for-stm32.11.3.rel1.win32_1.1.100.202309141235/tools/bin/../lib/gcc/arm-none-eabi/11.3.1/../../../../arm-none-eabi/lib/thumb/v7-m/nofp/crt0.o
LOAD ./Src/HAL/CLCD_program.o
LOAD ./Src/HAL/Keypad_Program.o
LOAD ./Src/MCAL/GPIO_program.o
LOAD ./Src/MCAL/RCC_program.o
LOAD ./Src/ellithy_dalay.o
LOAD ./Src/main.o
LOAD ./Src/syscalls.o
LOAD ./Src/sysmem.o
LOAD ./Startup/startup_stm32f103c8tx.o
START GROUP
LOAD C:/ST/STM32CubeIDE_1.14.0/STM32CubeIDE/plugins/com.st.stm32cube.ide.mcu.externaltools.gnu-tools-for-stm32.11.3.rel1.win32_1.1.100.202309141235/tools/bin/../lib/gcc/arm-none-eabi/11.3.1/../../../../arm-none-eabi/lib/thumb/v7-m/nofp\libc_nano.a
LOAD C:/ST/STM32CubeIDE_1.14.0/STM32CubeIDE/plugins/com.st.stm32cube.ide.mcu.externaltools.gnu-tools-for-stm32.11.3.rel1.win32_1.1.100.202309141235/tools/bin/../lib/gcc/arm-none-eabi/11.3.1/../../../../arm-none-eabi/lib/thumb/v7-m/nofp\libm.a
END GROUP
START GROUP
LOAD C:/ST/STM32CubeIDE_1.14.0/STM32CubeIDE/plugins/com.st.stm32cube.ide.mcu.externaltools.gnu-tools-for-stm32.11.3.rel1.win32_1.1.100.202309141235/tools/bin/../lib/gcc/arm-none-eabi/11.3.1/thumb/v7-m/nofp\libgcc.a
LOAD C:/ST/STM32CubeIDE_1.14.0/STM32CubeIDE/plugins/com.st.stm32cube.ide.mcu.externaltools.gnu-tools-for-stm32.11.3.rel1.win32_1.1.100.202309141235/tools/bin/../lib/gcc/arm-none-eabi/11.3.1/../../../../arm-none-eabi/lib/thumb/v7-m/nofp\libc_nano.a
END GROUP
START GROUP
LOAD C:/ST/STM32CubeIDE_1.14.0/STM32CubeIDE/plugins/com.st.stm32cube.ide.mcu.externaltools.gnu-tools-for-stm32.11.3.rel1.win32_1.1.100.202309141235/tools/bin/../lib/gcc/arm-none-eabi/11.3.1/thumb/v7-m/nofp\libgcc.a
LOAD C:/ST/STM32CubeIDE_1.14.0/STM32CubeIDE/plugins/com.st.stm32cube.ide.mcu.externaltools.gnu-tools-for-stm32.11.3.rel1.win32_1.1.100.202309141235/tools/bin/../lib/gcc/arm-none-eabi/11.3.1/../../../../arm-none-eabi/lib/thumb/v7-m/nofp\libc_nano.a
LOAD C:/ST/STM32CubeIDE_1.14.0/STM32CubeIDE/plugins/com.st.stm32cube.ide.mcu.externaltools.gnu-tools-for-stm32.11.3.rel1.win32_1.1.100.202309141235/tools/bin/../lib/gcc/arm-none-eabi/11.3.1/../../../../arm-none-eabi/lib/thumb/v7-m/nofp\libnosys.a
END GROUP
START GROUP
LOAD C:/ST/STM32CubeIDE_1.14.0/STM32CubeIDE/plugins/com.st.stm32cube.ide.mcu.externaltools.gnu-tools-for-stm32.11.3.rel1.win32_1.1.100.202309141235/tools/bin/../lib/gcc/arm-none-eabi/11.3.1/thumb/v7-m/nofp\libgcc.a
LOAD C:/ST/STM32CubeIDE_1.14.0/STM32CubeIDE/plugins/com.st.stm32cube.ide.mcu.externaltools.gnu-tools-for-stm32.11.3.rel1.win32_1.1.100.202309141235/tools/bin/../lib/gcc/arm-none-eabi/11.3.1/../../../../arm-none-eabi/lib/thumb/v7-m/nofp\libc_nano.a
LOAD C:/ST/STM32CubeIDE_1.14.0/STM32CubeIDE/plugins/com.st.stm32cube.ide.mcu.externaltools.gnu-tools-for-stm32.11.3.rel1.win32_1.1.100.202309141235/tools/bin/../lib/gcc/arm-none-eabi/11.3.1/../../../../arm-none-eabi/lib/thumb/v7-m/nofp\libnosys.a
END GROUP
LOAD C:/ST/STM32CubeIDE_1.14.0/STM32CubeIDE/plugins/com.st.stm32cube.ide.mcu.externaltools.gnu-tools-for-stm32.11.3.rel1.win32_1.1.100.202309141235/tools/bin/../lib/gcc/arm-none-eabi/11.3.1/thumb/v7-m/nofp/crtend.o
LOAD C:/ST/STM32CubeIDE_1.14.0/STM32CubeIDE/plugins/com.st.stm32cube.ide.mcu.externaltools.gnu-tools-for-stm32.11.3.rel1.win32_1.1.100.202309141235/tools/bin/../lib/gcc/arm-none-eabi/11.3.1/thumb/v7-m/nofp/crtn.o
                0x0000000020005000                _estack = (ORIGIN (RAM) + LENGTH (RAM))
                0x0000000000000200                _Min_Heap_Size = 0x200
                0x0000000000000400                _Min_Stack_Size = 0x400

.isr_vector     0x0000000008000000      0x130
                0x0000000008000000                . = ALIGN (0x4)
 *(.isr_vector)
 .isr_vector    0x0000000008000000      0x130 ./Startup/startup_stm32f103c8tx.o
                0x0000000008000000                g_pfnVectors
                0x0000000008000130                . = ALIGN (0x4)

.text           0x0000000008000130      0xf08
                0x0000000008000130                . = ALIGN (0x4)
 *(.text)
 .text          0x0000000008000130       0x40 C:/ST/STM32CubeIDE_1.14.0/STM32CubeIDE/plugins/com.st.stm32cube.ide.mcu.externaltools.gnu-tools-for-stm32.11.3.rel1.win32_1.1.100.202309141235/tools/bin/../lib/gcc/arm-none-eabi/11.3.1/thumb/v7-m/nofp/crtbegin.o
 .text          0x0000000008000170       0x30 C:/ST/STM32CubeIDE_1.14.0/STM32CubeIDE/plugins/com.st.stm32cube.ide.mcu.externaltools.gnu-tools-for-stm32.11.3.rel1.win32_1.1.100.202309141235/tools/bin/../lib/gcc/arm-none-eabi/11.3.1/thumb/v7-m/nofp\libgcc.a(_aeabi_uldivmod.o)
                0x0000000008000170                __aeabi_uldivmod
 .text          0x00000000080001a0      0x2cc C:/ST/STM32CubeIDE_1.14.0/STM32CubeIDE/plugins/com.st.stm32cube.ide.mcu.externaltools.gnu-tools-for-stm32.11.3.rel1.win32_1.1.100.202309141235/tools/bin/../lib/gcc/arm-none-eabi/11.3.1/thumb/v7-m/nofp\libgcc.a(_udivmoddi4.o)
                0x00000000080001a0                __udivmoddi4
 .text          0x000000000800046c        0x4 C:/ST/STM32CubeIDE_1.14.0/STM32CubeIDE/plugins/com.st.stm32cube.ide.mcu.externaltools.gnu-tools-for-stm32.11.3.rel1.win32_1.1.100.202309141235/tools/bin/../lib/gcc/arm-none-eabi/11.3.1/thumb/v7-m/nofp\libgcc.a(_dvmd_tls.o)
                0x000000000800046c                __aeabi_idiv0
                0x000000000800046c                __aeabi_ldiv0
 *(.text*)
 .text.CLCD_voidInit
                0x0000000008000470       0x42 ./Src/HAL/CLCD_program.o
                0x0000000008000470                CLCD_voidInit
 .text.CLCD_voidSendData
                0x00000000080004b2       0x4c ./Src/HAL/CLCD_program.o
                0x00000000080004b2                CLCD_voidSendData
 .text.CLCD_voidSendCommand
                0x00000000080004fe       0x4c ./Src/HAL/CLCD_program.o
                0x00000000080004fe                CLCD_voidSendCommand
 .text.CLCD_voidSendString
                0x000000000800054a       0x38 ./Src/HAL/CLCD_program.o
                0x000000000800054a                CLCD_voidSendString
 .text.CLCD_voidSendNumber
                0x0000000008000582       0xe4 ./Src/HAL/CLCD_program.o
                0x0000000008000582                CLCD_voidSendNumber
 .text.CLCD_voidSetPosition
                0x0000000008000666       0x5e ./Src/HAL/CLCD_program.o
                0x0000000008000666                CLCD_voidSetPosition
 .text.CLCD_voidClearScreen
                0x00000000080006c4       0x20 ./Src/HAL/CLCD_program.o
                0x00000000080006c4                CLCD_voidClearScreen
 .text.CLCD_voidSendFallingEdge
                0x00000000080006e4       0x28 ./Src/HAL/CLCD_program.o
 .text.Get_pressed
                0x000000000800070c       0x94 ./Src/HAL/Keypad_Program.o
                0x000000000800070c                Get_pressed
 .text.GPIO_Nibble_Write
                0x00000000080007a0       0x64 ./Src/MCAL/GPIO_program.o
                0x00000000080007a0                GPIO_Nibble_Write
 .text.GPIO_PORT_voidInit
                0x0000000008000804       0xc8 ./Src/MCAL/GPIO_program.o
                0x0000000008000804                GPIO_PORT_voidInit
 .text.GPIO_SetPinMode
                0x00000000080008cc      0x198 ./Src/MCAL/GPIO_program.o
                0x00000000080008cc                GPIO_SetPinMode
 .text.GPIO_WritePinValue
                0x0000000008000a64       0x64 ./Src/MCAL/GPIO_program.o
                0x0000000008000a64                GPIO_WritePinValue
 .text.GPIO_GetPinValue
                0x0000000008000ac8       0x4c ./Src/MCAL/GPIO_program.o
                0x0000000008000ac8                GPIO_GetPinValue
 .text.RCC_InitSysClk
                0x0000000008000b14       0x80 ./Src/MCAL/RCC_program.o
                0x0000000008000b14                RCC_InitSysClk
 .text.RCC_PeripheralClk
                0x0000000008000b94       0xe4 ./Src/MCAL/RCC_program.o
                0x0000000008000b94                RCC_PeripheralClk
 .text._delay_ms
                0x0000000008000c78       0x52 ./Src/ellithy_dalay.o
                0x0000000008000c78                _delay_ms
 *fill*         0x0000000008000cca        0x2 
 .text.error    0x0000000008000ccc       0x54 ./Src/main.o
                0x0000000008000ccc                error
 .text.main     0x0000000008000d20      0x264 ./Src/main.o
                0x0000000008000d20                main
 .text.Reset_Handler
                0x0000000008000f84       0x50 ./Startup/startup_stm32f103c8tx.o
                0x0000000008000f84                Reset_Handler
 .text.Default_Handler
                0x0000000008000fd4        0x2 ./Startup/startup_stm32f103c8tx.o
                0x0000000008000fd4                EXTI2_IRQHandler
                0x0000000008000fd4                TIM8_TRG_COM_IRQHandler
                0x0000000008000fd4                TIM8_CC_IRQHandler
                0x0000000008000fd4                DebugMon_Handler
                0x0000000008000fd4                TIM1_CC_IRQHandler
                0x0000000008000fd4                HardFault_Handler
                0x0000000008000fd4                TIM6_IRQHandler
                0x0000000008000fd4                SysTick_Handler
                0x0000000008000fd4                PVD_IRQHandler
                0x0000000008000fd4                SDIO_IRQHandler
                0x0000000008000fd4                PendSV_Handler
                0x0000000008000fd4                NMI_Handler
                0x0000000008000fd4                EXTI3_IRQHandler
                0x0000000008000fd4                USB_HP_CAN_TX_IRQHandler
                0x0000000008000fd4                EXTI0_IRQHandler
                0x0000000008000fd4                I2C2_EV_IRQHandler
                0x0000000008000fd4                UsageFault_Handler
                0x0000000008000fd4                ADC1_2_IRQHandler
                0x0000000008000fd4                SPI1_IRQHandler
                0x0000000008000fd4                CAN_SCE_IRQHandler
                0x0000000008000fd4                TAMPER_IRQHandler
                0x0000000008000fd4                TIM8_UP_IRQHandler
                0x0000000008000fd4                DMA2_Channel2_IRQHandler
                0x0000000008000fd4                DMA1_Channel4_IRQHandler
                0x0000000008000fd4                USART3_IRQHandler
                0x0000000008000fd4                RTC_IRQHandler
                0x0000000008000fd4                DMA1_Channel7_IRQHandler
                0x0000000008000fd4                UART5_IRQHandler
                0x0000000008000fd4                ADC3_IRQHandler
                0x0000000008000fd4                TIM4_IRQHandler
                0x0000000008000fd4                CAN_RX1_IRQHandler
                0x0000000008000fd4                DMA2_Channel1_IRQHandler
                0x0000000008000fd4                I2C1_EV_IRQHandler
                0x0000000008000fd4                DMA1_Channel6_IRQHandler
                0x0000000008000fd4                UART4_IRQHandler
                0x0000000008000fd4                TIM3_IRQHandler
                0x0000000008000fd4                RCC_IRQHandler
                0x0000000008000fd4                TIM1_TRG_COM_IRQHandler
                0x0000000008000fd4                DMA1_Channel1_IRQHandler
                0x0000000008000fd4                Default_Handler
                0x0000000008000fd4                EXTI15_10_IRQHandler
                0x0000000008000fd4                TIM7_IRQHandler
                0x0000000008000fd4                TIM5_IRQHandler
                0x0000000008000fd4                EXTI9_5_IRQHandler
                0x0000000008000fd4                SPI2_IRQHandler
                0x0000000008000fd4                USB_LP_CAN_RX0_IRQHandler
                0x0000000008000fd4                MemManage_Handler
                0x0000000008000fd4                SVC_Handler
                0x0000000008000fd4                DMA1_Channel5_IRQHandler
                0x0000000008000fd4                EXTI4_IRQHandler
                0x0000000008000fd4                DMA1_Channel3_IRQHandler
                0x0000000008000fd4                FSMC_IRQHandler
                0x0000000008000fd4                TIM1_UP_IRQHandler
                0x0000000008000fd4                WWDG_IRQHandler
                0x0000000008000fd4                TIM2_IRQHandler
                0x0000000008000fd4                TIM1_BRK_IRQHandler
                0x0000000008000fd4                EXTI1_IRQHandler
                0x0000000008000fd4                RTCAlarm_IRQHandler
                0x0000000008000fd4                DMA2_Channel4_5_IRQHandler
                0x0000000008000fd4                USART2_IRQHandler
                0x0000000008000fd4                I2C2_ER_IRQHandler
                0x0000000008000fd4                DMA1_Channel2_IRQHandler
                0x0000000008000fd4                TIM8_BRK_IRQHandler
                0x0000000008000fd4                FLASH_IRQHandler
                0x0000000008000fd4                BusFault_Handler
                0x0000000008000fd4                USART1_IRQHandler
                0x0000000008000fd4                SPI3_IRQHandler
                0x0000000008000fd4                I2C1_ER_IRQHandler
                0x0000000008000fd4                DMA2_Channel3_IRQHandler
 *fill*         0x0000000008000fd6        0x2 
 .text.__libc_init_array
                0x0000000008000fd8       0x48 C:/ST/STM32CubeIDE_1.14.0/STM32CubeIDE/plugins/com.st.stm32cube.ide.mcu.externaltools.gnu-tools-for-stm32.11.3.rel1.win32_1.1.100.202309141235/tools/bin/../lib/gcc/arm-none-eabi/11.3.1/../../../../arm-none-eabi/lib/thumb/v7-m/nofp\libc_nano.a(libc_a-init.o)
                0x0000000008000fd8                __libc_init_array
 *(.glue_7)
 .glue_7        0x0000000008001020        0x0 linker stubs
 *(.glue_7t)
 .glue_7t       0x0000000008001020        0x0 linker stubs
 *(.eh_frame)
 .eh_frame      0x0000000008001020        0x0 C:/ST/STM32CubeIDE_1.14.0/STM32CubeIDE/plugins/com.st.stm32cube.ide.mcu.externaltools.gnu-tools-for-stm32.11.3.rel1.win32_1.1.100.202309141235/tools/bin/../lib/gcc/arm-none-eabi/11.3.1/thumb/v7-m/nofp/crtbegin.o
 *(.init)
 .init          0x0000000008001020        0x4 C:/ST/STM32CubeIDE_1.14.0/STM32CubeIDE/plugins/com.st.stm32cube.ide.mcu.externaltools.gnu-tools-for-stm32.11.3.rel1.win32_1.1.100.202309141235/tools/bin/../lib/gcc/arm-none-eabi/11.3.1/thumb/v7-m/nofp/crti.o
                0x0000000008001020                _init
 .init          0x0000000008001024        0x8 C:/ST/STM32CubeIDE_1.14.0/STM32CubeIDE/plugins/com.st.stm32cube.ide.mcu.externaltools.gnu-tools-for-stm32.11.3.rel1.win32_1.1.100.202309141235/tools/bin/../lib/gcc/arm-none-eabi/11.3.1/thumb/v7-m/nofp/crtn.o
 *(.fini)
 .fini          0x000000000800102c        0x4 C:/ST/STM32CubeIDE_1.14.0/STM32CubeIDE/plugins/com.st.stm32cube.ide.mcu.externaltools.gnu-tools-for-stm32.11.3.rel1.win32_1.1.100.202309141235/tools/bin/../lib/gcc/arm-none-eabi/11.3.1/thumb/v7-m/nofp/crti.o
                0x000000000800102c                _fini
 .fini          0x0000000008001030        0x8 C:/ST/STM32CubeIDE_1.14.0/STM32CubeIDE/plugins/com.st.stm32cube.ide.mcu.externaltools.gnu-tools-for-stm32.11.3.rel1.win32_1.1.100.202309141235/tools/bin/../lib/gcc/arm-none-eabi/11.3.1/thumb/v7-m/nofp/crtn.o
                0x0000000008001038                . = ALIGN (0x4)
                0x0000000008001038                _etext = .

.vfp11_veneer   0x0000000008001038        0x0
 .vfp11_veneer  0x0000000008001038        0x0 linker stubs

.v4_bx          0x0000000008001038        0x0
 .v4_bx         0x0000000008001038        0x0 linker stubs

.iplt           0x0000000008001038        0x0
 .iplt          0x0000000008001038        0x0 C:/ST/STM32CubeIDE_1.14.0/STM32CubeIDE/plugins/com.st.stm32cube.ide.mcu.externaltools.gnu-tools-for-stm32.11.3.rel1.win32_1.1.100.202309141235/tools/bin/../lib/gcc/arm-none-eabi/11.3.1/thumb/v7-m/nofp/crtbegin.o

.rodata         0x0000000008001038       0x18
                0x0000000008001038                . = ALIGN (0x4)
 *(.rodata)
 .rodata        0x0000000008001038       0x17 ./Src/main.o
 *(.rodata*)
                0x0000000008001050                . = ALIGN (0x4)
 *fill*         0x000000000800104f        0x1 

.ARM.extab      0x0000000008001050        0x0
                0x0000000008001050                . = ALIGN (0x4)
 *(.ARM.extab* .gnu.linkonce.armextab.*)
                0x0000000008001050                . = ALIGN (0x4)

.ARM            0x0000000008001050        0x8
                0x0000000008001050                . = ALIGN (0x4)
                0x0000000008001050                __exidx_start = .
 *(.ARM.exidx*)
 .ARM.exidx     0x0000000008001050        0x8 C:/ST/STM32CubeIDE_1.14.0/STM32CubeIDE/plugins/com.st.stm32cube.ide.mcu.externaltools.gnu-tools-for-stm32.11.3.rel1.win32_1.1.100.202309141235/tools/bin/../lib/gcc/arm-none-eabi/11.3.1/thumb/v7-m/nofp\libgcc.a(_udivmoddi4.o)
                0x0000000008001058                __exidx_end = .
                0x0000000008001058                . = ALIGN (0x4)

.rel.dyn        0x0000000008001058        0x0
 .rel.iplt      0x0000000008001058        0x0 C:/ST/STM32CubeIDE_1.14.0/STM32CubeIDE/plugins/com.st.stm32cube.ide.mcu.externaltools.gnu-tools-for-stm32.11.3.rel1.win32_1.1.100.202309141235/tools/bin/../lib/gcc/arm-none-eabi/11.3.1/thumb/v7-m/nofp/crtbegin.o

.preinit_array  0x0000000008001058        0x0
                0x0000000008001058                . = ALIGN (0x4)
                0x0000000008001058                PROVIDE (__preinit_array_start = .)
 *(.preinit_array*)
                0x0000000008001058                PROVIDE (__preinit_array_end = .)
                0x0000000008001058                . = ALIGN (0x4)

.init_array     0x0000000008001058        0x4
                0x0000000008001058                . = ALIGN (0x4)
                0x0000000008001058                PROVIDE (__init_array_start = .)
 *(SORT_BY_NAME(.init_array.*))
 *(.init_array*)
 .init_array    0x0000000008001058        0x4 C:/ST/STM32CubeIDE_1.14.0/STM32CubeIDE/plugins/com.st.stm32cube.ide.mcu.externaltools.gnu-tools-for-stm32.11.3.rel1.win32_1.1.100.202309141235/tools/bin/../lib/gcc/arm-none-eabi/11.3.1/thumb/v7-m/nofp/crtbegin.o
                0x000000000800105c                PROVIDE (__init_array_end = .)
                0x000000000800105c                . = ALIGN (0x4)

.fini_array     0x000000000800105c        0x4
                0x000000000800105c                . = ALIGN (0x4)
                [!provide]                        PROVIDE (__fini_array_start = .)
 *(SORT_BY_NAME(.fini_array.*))
 *(.fini_array*)
 .fini_array    0x000000000800105c        0x4 C:/ST/STM32CubeIDE_1.14.0/STM32CubeIDE/plugins/com.st.stm32cube.ide.mcu.externaltools.gnu-tools-for-stm32.11.3.rel1.win32_1.1.100.202309141235/tools/bin/../lib/gcc/arm-none-eabi/11.3.1/thumb/v7-m/nofp/crtbegin.o
                [!provide]                        PROVIDE (__fini_array_end = .)
                0x0000000008001060                . = ALIGN (0x4)
                0x0000000008001060                _sidata = LOADADDR (.data)

.data           0x0000000020000000       0x5c load address 0x0000000008001060
                0x0000000020000000                . = ALIGN (0x4)
                0x0000000020000000                _sdata = .
 *(.data)
 *(.data*)
 .data.keypad_Buttons
                0x0000000020000000       0x10 ./Src/HAL/Keypad_Program.o
                0x0000000020000000                keypad_Buttons
 .data.PORTA_DIR
                0x0000000020000010       0x10 ./Src/MCAL/GPIO_program.o
                0x0000000020000010                PORTA_DIR
 .data.PORTB_DIR
                0x0000000020000020       0x10 ./Src/MCAL/GPIO_program.o
                0x0000000020000020                PORTB_DIR
 .data.PORTA_init_val
                0x0000000020000030       0x10 ./Src/MCAL/GPIO_program.o
                0x0000000020000030                PORTA_init_val
 .data.PORTB_init_val
                0x0000000020000040       0x10 ./Src/MCAL/GPIO_program.o
                0x0000000020000040                PORTB_init_val
 .data.GPIO_Astr
                0x0000000020000050        0xc ./Src/MCAL/GPIO_program.o
 *(.RamFunc)
 *(.RamFunc*)
                0x000000002000005c                . = ALIGN (0x4)
                0x000000002000005c                _edata = .

.igot.plt       0x000000002000005c        0x0 load address 0x00000000080010bc
 .igot.plt      0x000000002000005c        0x0 C:/ST/STM32CubeIDE_1.14.0/STM32CubeIDE/plugins/com.st.stm32cube.ide.mcu.externaltools.gnu-tools-for-stm32.11.3.rel1.win32_1.1.100.202309141235/tools/bin/../lib/gcc/arm-none-eabi/11.3.1/thumb/v7-m/nofp/crtbegin.o
                0x000000002000005c                . = ALIGN (0x4)

.bss            0x000000002000005c       0x1c load address 0x00000000080010bc
                0x000000002000005c                _sbss = .
                0x000000002000005c                __bss_start__ = _sbss
 *(.bss)
 .bss           0x000000002000005c       0x1c C:/ST/STM32CubeIDE_1.14.0/STM32CubeIDE/plugins/com.st.stm32cube.ide.mcu.externaltools.gnu-tools-for-stm32.11.3.rel1.win32_1.1.100.202309141235/tools/bin/../lib/gcc/arm-none-eabi/11.3.1/thumb/v7-m/nofp/crtbegin.o
 *(.bss*)
 *(COMMON)
                0x0000000020000078                . = ALIGN (0x4)
                0x0000000020000078                _ebss = .
                0x0000000020000078                __bss_end__ = _ebss

._user_heap_stack
                0x0000000020000078      0x600 load address 0x00000000080010bc
                0x0000000020000078                . = ALIGN (0x8)
                [!provide]                        PROVIDE (end = .)
                0x0000000020000078                PROVIDE (_end = .)
                0x0000000020000278                . = (. + _Min_Heap_Size)
 *fill*         0x0000000020000078      0x200 
                0x0000000020000678                . = (. + _Min_Stack_Size)
 *fill*         0x0000000020000278      0x400 
                0x0000000020000678                . = ALIGN (0x8)

/DISCARD/
 libc.a(*)
 libm.a(*)
 libgcc.a(*)

.ARM.attributes
                0x0000000000000000       0x29
 *(.ARM.attributes)
 .ARM.attributes
                0x0000000000000000       0x1d C:/ST/STM32CubeIDE_1.14.0/STM32CubeIDE/plugins/com.st.stm32cube.ide.mcu.externaltools.gnu-tools-for-stm32.11.3.rel1.win32_1.1.100.202309141235/tools/bin/../lib/gcc/arm-none-eabi/11.3.1/thumb/v7-m/nofp/crti.o
 .ARM.attributes
                0x000000000000001d       0x2d C:/ST/STM32CubeIDE_1.14.0/STM32CubeIDE/plugins/com.st.stm32cube.ide.mcu.externaltools.gnu-tools-for-stm32.11.3.rel1.win32_1.1.100.202309141235/tools/bin/../lib/gcc/arm-none-eabi/11.3.1/thumb/v7-m/nofp/crtbegin.o
 .ARM.attributes
                0x000000000000004a       0x2d ./Src/HAL/CLCD_program.o
 .ARM.attributes
                0x0000000000000077       0x2d ./Src/HAL/Keypad_Program.o
 .ARM.attributes
                0x00000000000000a4       0x2d ./Src/MCAL/GPIO_program.o
 .ARM.attributes
                0x00000000000000d1       0x2d ./Src/MCAL/RCC_program.o
 .ARM.attributes
                0x00000000000000fe       0x2d ./Src/ellithy_dalay.o
 .ARM.attributes
                0x000000000000012b       0x2d ./Src/main.o
 .ARM.attributes
                0x0000000000000158       0x21 ./Startup/startup_stm32f103c8tx.o
 .ARM.attributes
                0x0000000000000179       0x2d C:/ST/STM32CubeIDE_1.14.0/STM32CubeIDE/plugins/com.st.stm32cube.ide.mcu.externaltools.gnu-tools-for-stm32.11.3.rel1.win32_1.1.100.202309141235/tools/bin/../lib/gcc/arm-none-eabi/11.3.1/../../../../arm-none-eabi/lib/thumb/v7-m/nofp\libc_nano.a(libc_a-init.o)
 .ARM.attributes
                0x00000000000001a6       0x1d C:/ST/STM32CubeIDE_1.14.0/STM32CubeIDE/plugins/com.st.stm32cube.ide.mcu.externaltools.gnu-tools-for-stm32.11.3.rel1.win32_1.1.100.202309141235/tools/bin/../lib/gcc/arm-none-eabi/11.3.1/thumb/v7-m/nofp\libgcc.a(_aeabi_uldivmod.o)
 .ARM.attributes
                0x00000000000001c3       0x2d C:/ST/STM32CubeIDE_1.14.0/STM32CubeIDE/plugins/com.st.stm32cube.ide.mcu.externaltools.gnu-tools-for-stm32.11.3.rel1.win32_1.1.100.202309141235/tools/bin/../lib/gcc/arm-none-eabi/11.3.1/thumb/v7-m/nofp\libgcc.a(_udivmoddi4.o)
 .ARM.attributes
                0x00000000000001f0       0x1d C:/ST/STM32CubeIDE_1.14.0/STM32CubeIDE/plugins/com.st.stm32cube.ide.mcu.externaltools.gnu-tools-for-stm32.11.3.rel1.win32_1.1.100.202309141235/tools/bin/../lib/gcc/arm-none-eabi/11.3.1/thumb/v7-m/nofp\libgcc.a(_dvmd_tls.o)
 .ARM.attributes
                0x000000000000020d       0x1d C:/ST/STM32CubeIDE_1.14.0/STM32CubeIDE/plugins/com.st.stm32cube.ide.mcu.externaltools.gnu-tools-for-stm32.11.3.rel1.win32_1.1.100.202309141235/tools/bin/../lib/gcc/arm-none-eabi/11.3.1/thumb/v7-m/nofp/crtn.o
OUTPUT(Task_3_IntermediateCalc.elf elf32-littlearm)
LOAD linker stubs
LOAD C:/ST/STM32CubeIDE_1.14.0/STM32CubeIDE/plugins/com.st.stm32cube.ide.mcu.externaltools.gnu-tools-for-stm32.11.3.rel1.win32_1.1.100.202309141235/tools/bin/../lib/gcc/arm-none-eabi/11.3.1/../../../../arm-none-eabi/lib/thumb/v7-m/nofp\libc.a
LOAD C:/ST/STM32CubeIDE_1.14.0/STM32CubeIDE/plugins/com.st.stm32cube.ide.mcu.externaltools.gnu-tools-for-stm32.11.3.rel1.win32_1.1.100.202309141235/tools/bin/../lib/gcc/arm-none-eabi/11.3.1/../../../../arm-none-eabi/lib/thumb/v7-m/nofp\libm.a
LOAD C:/ST/STM32CubeIDE_1.14.0/STM32CubeIDE/plugins/com.st.stm32cube.ide.mcu.externaltools.gnu-tools-for-stm32.11.3.rel1.win32_1.1.100.202309141235/tools/bin/../lib/gcc/arm-none-eabi/11.3.1/thumb/v7-m/nofp\libgcc.a

.comment        0x0000000000000000       0x43
 .comment       0x0000000000000000       0x43 C:/ST/STM32CubeIDE_1.14.0/STM32CubeIDE/plugins/com.st.stm32cube.ide.mcu.externaltools.gnu-tools-for-stm32.11.3.rel1.win32_1.1.100.202309141235/tools/bin/../lib/gcc/arm-none-eabi/11.3.1/thumb/v7-m/nofp/crtbegin.o
                                         0x44 (size before relaxing)
 .comment       0x0000000000000043       0x44 ./Src/HAL/CLCD_program.o
 .comment       0x0000000000000043       0x44 ./Src/HAL/Keypad_Program.o
 .comment       0x0000000000000043       0x44 ./Src/MCAL/GPIO_program.o
 .comment       0x0000000000000043       0x44 ./Src/MCAL/RCC_program.o
 .comment       0x0000000000000043       0x44 ./Src/ellithy_dalay.o
 .comment       0x0000000000000043       0x44 ./Src/main.o

.debug_info     0x0000000000000000      0xeb8
 .debug_info    0x0000000000000000      0x276 ./Src/HAL/CLCD_program.o
 .debug_info    0x0000000000000276      0x133 ./Src/HAL/Keypad_Program.o
 .debug_info    0x00000000000003a9      0x3d5 ./Src/MCAL/GPIO_program.o
 .debug_info    0x000000000000077e      0x28a ./Src/MCAL/RCC_program.o
 .debug_info    0x0000000000000a08      0x100 ./Src/ellithy_dalay.o
 .debug_info    0x0000000000000b08      0x38d ./Src/main.o
 .debug_info    0x0000000000000e95       0x23 ./Startup/startup_stm32f103c8tx.o

.debug_abbrev   0x0000000000000000      0x61c
 .debug_abbrev  0x0000000000000000      0x14d ./Src/HAL/CLCD_program.o
 .debug_abbrev  0x000000000000014d       0xbb ./Src/HAL/Keypad_Program.o
 .debug_abbrev  0x0000000000000208      0x158 ./Src/MCAL/GPIO_program.o
 .debug_abbrev  0x0000000000000360       0xe2 ./Src/MCAL/RCC_program.o
 .debug_abbrev  0x0000000000000442       0x9a ./Src/ellithy_dalay.o
 .debug_abbrev  0x00000000000004dc      0x12e ./Src/main.o
 .debug_abbrev  0x000000000000060a       0x12 ./Startup/startup_stm32f103c8tx.o

.debug_aranges  0x0000000000000000      0x178
 .debug_aranges
                0x0000000000000000       0x58 ./Src/HAL/CLCD_program.o
 .debug_aranges
                0x0000000000000058       0x20 ./Src/HAL/Keypad_Program.o
 .debug_aranges
                0x0000000000000078       0x60 ./Src/MCAL/GPIO_program.o
 .debug_aranges
                0x00000000000000d8       0x28 ./Src/MCAL/RCC_program.o
 .debug_aranges
                0x0000000000000100       0x28 ./Src/ellithy_dalay.o
 .debug_aranges
                0x0000000000000128       0x28 ./Src/main.o
 .debug_aranges
                0x0000000000000150       0x28 ./Startup/startup_stm32f103c8tx.o

.debug_rnglists
                0x0000000000000000      0x10e
 .debug_rnglists
                0x0000000000000000       0x3e ./Src/HAL/CLCD_program.o
 .debug_rnglists
                0x000000000000003e       0x14 ./Src/HAL/Keypad_Program.o
 .debug_rnglists
                0x0000000000000052       0x55 ./Src/MCAL/GPIO_program.o
 .debug_rnglists
                0x00000000000000a7       0x1b ./Src/MCAL/RCC_program.o
 .debug_rnglists
                0x00000000000000c2       0x19 ./Src/ellithy_dalay.o
 .debug_rnglists
                0x00000000000000db       0x1a ./Src/main.o
 .debug_rnglists
                0x00000000000000f5       0x19 ./Startup/startup_stm32f103c8tx.o

.debug_macro    0x0000000000000000     0x14d6
 .debug_macro   0x0000000000000000       0x4e ./Src/HAL/CLCD_program.o
 .debug_macro   0x000000000000004e      0xaa2 ./Src/HAL/CLCD_program.o
 .debug_macro   0x0000000000000af0       0x1c ./Src/HAL/CLCD_program.o
 .debug_macro   0x0000000000000b0c       0x22 ./Src/HAL/CLCD_program.o
 .debug_macro   0x0000000000000b2e       0xee ./Src/HAL/CLCD_program.o
 .debug_macro   0x0000000000000c1c       0x52 ./Src/HAL/CLCD_program.o
 .debug_macro   0x0000000000000c6e       0xb8 ./Src/HAL/CLCD_program.o
 .debug_macro   0x0000000000000d26       0x5b ./Src/HAL/Keypad_Program.o
 .debug_macro   0x0000000000000d81       0x40 ./Src/HAL/Keypad_Program.o
 .debug_macro   0x0000000000000dc1       0x40 ./Src/HAL/Keypad_Program.o
 .debug_macro   0x0000000000000e01       0x58 ./Src/MCAL/GPIO_program.o
 .debug_macro   0x0000000000000e59       0x3a ./Src/MCAL/GPIO_program.o
 .debug_macro   0x0000000000000e93       0xf4 ./Src/MCAL/GPIO_program.o
 .debug_macro   0x0000000000000f87       0x2e ./Src/MCAL/GPIO_program.o
 .debug_macro   0x0000000000000fb5      0x1f9 ./Src/MCAL/GPIO_program.o
 .debug_macro   0x00000000000011ae       0x52 ./Src/MCAL/RCC_program.o
 .debug_macro   0x0000000000001200      0x100 ./Src/MCAL/RCC_program.o
 .debug_macro   0x0000000000001300       0x34 ./Src/MCAL/RCC_program.o
 .debug_macro   0x0000000000001334       0x1e ./Src/ellithy_dalay.o
 .debug_macro   0x0000000000001352       0x62 ./Src/main.o
 .debug_macro   0x00000000000013b4       0x58 ./Src/main.o
 .debug_macro   0x000000000000140c       0xca ./Src/main.o

.debug_line     0x0000000000000000      0xbf0
 .debug_line    0x0000000000000000      0x223 ./Src/HAL/CLCD_program.o
 .debug_line    0x0000000000000223      0x145 ./Src/HAL/Keypad_Program.o
 .debug_line    0x0000000000000368      0x339 ./Src/MCAL/GPIO_program.o
 .debug_line    0x00000000000006a1      0x157 ./Src/MCAL/RCC_program.o
 .debug_line    0x00000000000007f8       0xec ./Src/ellithy_dalay.o
 .debug_line    0x00000000000008e4      0x291 ./Src/main.o
 .debug_line    0x0000000000000b75       0x7b ./Startup/startup_stm32f103c8tx.o

.debug_str      0x0000000000000000     0x51d7
 .debug_str     0x0000000000000000     0x35cc ./Src/HAL/CLCD_program.o
                                       0x3672 (size before relaxing)
 .debug_str     0x00000000000035cc      0x1b0 ./Src/HAL/Keypad_Program.o
                                       0x3336 (size before relaxing)
 .debug_str     0x000000000000377c     0x116a ./Src/MCAL/GPIO_program.o
                                       0x434e (size before relaxing)
 .debug_str     0x00000000000048e6      0x7aa ./Src/MCAL/RCC_program.o
                                       0x4592 (size before relaxing)
 .debug_str     0x0000000000005090       0x3e ./Src/ellithy_dalay.o
                                       0x2e92 (size before relaxing)
 .debug_str     0x00000000000050ce       0xda ./Src/main.o
                                       0x38a3 (size before relaxing)
 .debug_str     0x00000000000051a8       0x2f ./Startup/startup_stm32f103c8tx.o
                                         0x7b (size before relaxing)

.debug_frame    0x0000000000000000      0x46c
 .debug_frame   0x0000000000000000      0x124 ./Src/HAL/CLCD_program.o
 .debug_frame   0x0000000000000124       0x34 ./Src/HAL/Keypad_Program.o
 .debug_frame   0x0000000000000158      0x174 ./Src/MCAL/GPIO_program.o
 .debug_frame   0x00000000000002cc       0x58 ./Src/MCAL/RCC_program.o
 .debug_frame   0x0000000000000324       0x60 ./Src/ellithy_dalay.o
 .debug_frame   0x0000000000000384       0x5c ./Src/main.o
 .debug_frame   0x00000000000003e0       0x2c C:/ST/STM32CubeIDE_1.14.0/STM32CubeIDE/plugins/com.st.stm32cube.ide.mcu.externaltools.gnu-tools-for-stm32.11.3.rel1.win32_1.1.100.202309141235/tools/bin/../lib/gcc/arm-none-eabi/11.3.1/../../../../arm-none-eabi/lib/thumb/v7-m/nofp\libc_nano.a(libc_a-init.o)
 .debug_frame   0x000000000000040c       0x2c C:/ST/STM32CubeIDE_1.14.0/STM32CubeIDE/plugins/com.st.stm32cube.ide.mcu.externaltools.gnu-tools-for-stm32.11.3.rel1.win32_1.1.100.202309141235/tools/bin/../lib/gcc/arm-none-eabi/11.3.1/thumb/v7-m/nofp\libgcc.a(_aeabi_uldivmod.o)
 .debug_frame   0x0000000000000438       0x34 C:/ST/STM32CubeIDE_1.14.0/STM32CubeIDE/plugins/com.st.stm32cube.ide.mcu.externaltools.gnu-tools-for-stm32.11.3.rel1.win32_1.1.100.202309141235/tools/bin/../lib/gcc/arm-none-eabi/11.3.1/thumb/v7-m/nofp\libgcc.a(_udivmoddi4.o)

.debug_line_str
                0x0000000000000000       0x6f
 .debug_line_str
                0x0000000000000000       0x6f ./Startup/startup_stm32f103c8tx.o
                                         0x87 (size before relaxing)
