Archive member included to satisfy reference by file (symbol)

C:/ST/STM32CubeIDE_1.14.0/STM32CubeIDE/plugins/com.st.stm32cube.ide.mcu.externaltools.gnu-tools-for-stm32.11.3.rel1.win32_1.1.100.202309141235/tools/bin/../lib/gcc/arm-none-eabi/11.3.1/../../../../arm-none-eabi/lib/thumb/v7-m/nofp\libc_nano.a(libc_a-exit.o)
                              C:/ST/STM32CubeIDE_1.14.0/STM32CubeIDE/plugins/com.st.stm32cube.ide.mcu.externaltools.gnu-tools-for-stm32.11.3.rel1.win32_1.1.100.202309141235/tools/bin/../lib/gcc/arm-none-eabi/11.3.1/../../../../arm-none-eabi/lib/thumb/v7-m/nofp/crt0.o (exit)
C:/ST/STM32CubeIDE_1.14.0/STM32CubeIDE/plugins/com.st.stm32cube.ide.mcu.externaltools.gnu-tools-for-stm32.11.3.rel1.win32_1.1.100.202309141235/tools/bin/../lib/gcc/arm-none-eabi/11.3.1/../../../../arm-none-eabi/lib/thumb/v7-m/nofp\libc_nano.a(libc_a-findfp.o)
                              C:/ST/STM32CubeIDE_1.14.0/STM32CubeIDE/plugins/com.st.stm32cube.ide.mcu.externaltools.gnu-tools-for-stm32.11.3.rel1.win32_1.1.100.202309141235/tools/bin/../lib/gcc/arm-none-eabi/11.3.1/../../../../arm-none-eabi/lib/thumb/v7-m/nofp\libc_nano.a(libc_a-exit.o) (__stdio_exit_handler)
C:/ST/STM32CubeIDE_1.14.0/STM32CubeIDE/plugins/com.st.stm32cube.ide.mcu.externaltools.gnu-tools-for-stm32.11.3.rel1.win32_1.1.100.202309141235/tools/bin/../lib/gcc/arm-none-eabi/11.3.1/../../../../arm-none-eabi/lib/thumb/v7-m/nofp\libc_nano.a(libc_a-fwalk.o)
                              C:/ST/STM32CubeIDE_1.14.0/STM32CubeIDE/plugins/com.st.stm32cube.ide.mcu.externaltools.gnu-tools-for-stm32.11.3.rel1.win32_1.1.100.202309141235/tools/bin/../lib/gcc/arm-none-eabi/11.3.1/../../../../arm-none-eabi/lib/thumb/v7-m/nofp\libc_nano.a(libc_a-findfp.o) (_fwalk_sglue)
C:/ST/STM32CubeIDE_1.14.0/STM32CubeIDE/plugins/com.st.stm32cube.ide.mcu.externaltools.gnu-tools-for-stm32.11.3.rel1.win32_1.1.100.202309141235/tools/bin/../lib/gcc/arm-none-eabi/11.3.1/../../../../arm-none-eabi/lib/thumb/v7-m/nofp\libc_nano.a(libc_a-stdio.o)
                              C:/ST/STM32CubeIDE_1.14.0/STM32CubeIDE/plugins/com.st.stm32cube.ide.mcu.externaltools.gnu-tools-for-stm32.11.3.rel1.win32_1.1.100.202309141235/tools/bin/../lib/gcc/arm-none-eabi/11.3.1/../../../../arm-none-eabi/lib/thumb/v7-m/nofp\libc_nano.a(libc_a-findfp.o) (__sread)
C:/ST/STM32CubeIDE_1.14.0/STM32CubeIDE/plugins/com.st.stm32cube.ide.mcu.externaltools.gnu-tools-for-stm32.11.3.rel1.win32_1.1.100.202309141235/tools/bin/../lib/gcc/arm-none-eabi/11.3.1/../../../../arm-none-eabi/lib/thumb/v7-m/nofp\libc_nano.a(libc_a-memset.o)
                              C:/ST/STM32CubeIDE_1.14.0/STM32CubeIDE/plugins/com.st.stm32cube.ide.mcu.externaltools.gnu-tools-for-stm32.11.3.rel1.win32_1.1.100.202309141235/tools/bin/../lib/gcc/arm-none-eabi/11.3.1/../../../../arm-none-eabi/lib/thumb/v7-m/nofp/crt0.o (memset)
C:/ST/STM32CubeIDE_1.14.0/STM32CubeIDE/plugins/com.st.stm32cube.ide.mcu.externaltools.gnu-tools-for-stm32.11.3.rel1.win32_1.1.100.202309141235/tools/bin/../lib/gcc/arm-none-eabi/11.3.1/../../../../arm-none-eabi/lib/thumb/v7-m/nofp\libc_nano.a(libc_a-closer.o)
                              C:/ST/STM32CubeIDE_1.14.0/STM32CubeIDE/plugins/com.st.stm32cube.ide.mcu.externaltools.gnu-tools-for-stm32.11.3.rel1.win32_1.1.100.202309141235/tools/bin/../lib/gcc/arm-none-eabi/11.3.1/../../../../arm-none-eabi/lib/thumb/v7-m/nofp\libc_nano.a(libc_a-stdio.o) (_close_r)
C:/ST/STM32CubeIDE_1.14.0/STM32CubeIDE/plugins/com.st.stm32cube.ide.mcu.externaltools.gnu-tools-for-stm32.11.3.rel1.win32_1.1.100.202309141235/tools/bin/../lib/gcc/arm-none-eabi/11.3.1/../../../../arm-none-eabi/lib/thumb/v7-m/nofp\libc_nano.a(libc_a-reent.o)
                              C:/ST/STM32CubeIDE_1.14.0/STM32CubeIDE/plugins/com.st.stm32cube.ide.mcu.externaltools.gnu-tools-for-stm32.11.3.rel1.win32_1.1.100.202309141235/tools/bin/../lib/gcc/arm-none-eabi/11.3.1/../../../../arm-none-eabi/lib/thumb/v7-m/nofp\libc_nano.a(libc_a-closer.o) (errno)
C:/ST/STM32CubeIDE_1.14.0/STM32CubeIDE/plugins/com.st.stm32cube.ide.mcu.externaltools.gnu-tools-for-stm32.11.3.rel1.win32_1.1.100.202309141235/tools/bin/../lib/gcc/arm-none-eabi/11.3.1/../../../../arm-none-eabi/lib/thumb/v7-m/nofp\libc_nano.a(libc_a-impure.o)
                              C:/ST/STM32CubeIDE_1.14.0/STM32CubeIDE/plugins/com.st.stm32cube.ide.mcu.externaltools.gnu-tools-for-stm32.11.3.rel1.win32_1.1.100.202309141235/tools/bin/../lib/gcc/arm-none-eabi/11.3.1/../../../../arm-none-eabi/lib/thumb/v7-m/nofp\libc_nano.a(libc_a-reent.o) (_impure_ptr)
C:/ST/STM32CubeIDE_1.14.0/STM32CubeIDE/plugins/com.st.stm32cube.ide.mcu.externaltools.gnu-tools-for-stm32.11.3.rel1.win32_1.1.100.202309141235/tools/bin/../lib/gcc/arm-none-eabi/11.3.1/../../../../arm-none-eabi/lib/thumb/v7-m/nofp\libc_nano.a(libc_a-lseekr.o)
[...]
Memory Configuration

Name             Origin             Length             Attributes
RAM              0x0000000020000000 0x0000000000005000 xrw
FLASH            0x0000000008000000 0x0000000000010000 xr
*default*        0x0000000000000000 0xffffffffffffffff

Linker script and memory map

LOAD C:/ST/STM32CubeIDE_1.14.0/STM32CubeIDE/plugins/com.st.stm32cube.ide.mcu.externaltools.gnu-tools-for-stm32.11.3.rel1.win32_1.1.100.202309141235/tools/bin/../lib/gcc/arm-none-eabi/11.3.1/thumb/v7-m/nofp/crti.o
LOAD C:/ST/STM32CubeIDE_1.14.0/STM32CubeIDE/plugins/com.st.stm32cube.ide.mcu.externaltools.gnu-tools-for-stm32.11.3.rel1.win32_1.1.100.202309141235/tools/bin/../lib/gcc/arm-none-eabi/11.3.1/thumb/v7-m/nofp/crtbegin.o
LOAD C:/ST/STM32CubeIDE_1.14.0/STM32CubeIDE/plugins/com.st.stm32cube.ide.mcu.externaltools.gnu-tools-for-stm32.11.3.rel1.win32_1.1.100.202309141235/tools/bin/../lib/gcc/arm-none-eabi/11.3.1/../../../../arm-none-eabi/lib/thumb/v7-m/nofp/crt0.o
LOAD ./Src/HAL/Button_progaram.o
LOAD ./Src/HAL/Buzzer_Program.o
LOAD ./Src/HAL/CLCD_program.o
LOAD ./Src/HAL/DCMOTOR_program.o
LOAD ./Src/HAL/Keypad_Program.o
LOAD ./Src/HAL/LED_Program.o
LOAD ./Src/MCAL/ADC_program.o
LOAD ./Src/MCAL/AFIO_program.o
LOAD ./Src/MCAL/DMA_program.o
LOAD ./Src/MCAL/EXTI_program.o
LOAD ./Src/MCAL/GPIO_program.o
LOAD ./Src/MCAL/NVIC_program.o
LOAD ./Src/MCAL/PORT_program.o
LOAD ./Src/MCAL/RCC_program.o
LOAD ./Src/MCAL/SYSTICK_program.o
LOAD ./Src/MCAL/TIMER1_program.o
LOAD ./Src/MCAL/UART_Program.o
LOAD ./Src/ellithy_dalay.o
LOAD ./Src/main.o
LOAD ./Src/syscalls.o
LOAD ./Src/sysmem.o
LOAD ./Startup/startup_stm32f103c8tx.o
START GROUP
LOAD C:/ST/STM32CubeIDE_1.14.0/STM32CubeIDE/plugins/com.st.stm32cube.ide.mcu.externaltools.gnu-tools-for-stm32.11.3.rel1.win32_1.1.100.202309141235/tools/bin/../lib/gcc/arm-none-eabi/11.3.1/../../../../arm-none-eabi/lib/thumb/v7-m/nofp\libc_nano.a
LOAD C:/ST/STM32CubeIDE_1.14.0/STM32CubeIDE/plugins/com.st.stm32cube.ide.mcu.externaltools.gnu-tools-for-stm32.11.3.rel1.win32_1.1.100.202309141235/tools/bin/../lib/gcc/arm-none-eabi/11.3.1/../../../../arm-none-eabi/lib/thumb/v7-m/nofp\libm.a
END GROUP
START GROUP
LOAD C:/ST/STM32CubeIDE_1.14.0/STM32CubeIDE/plugins/com.st.stm32cube.ide.mcu.externaltools.gnu-tools-for-stm32.11.3.rel1.win32_1.1.100.202309141235/tools/bin/../lib/gcc/arm-none-eabi/11.3.1/thumb/v7-m/nofp\libgcc.a
LOAD C:/ST/STM32CubeIDE_1.14.0/STM32CubeIDE/plugins/com.st.stm32cube.ide.mcu.externaltools.gnu-tools-for-stm32.11.3.rel1.win32_1.1.100.202309141235/tools/bin/../lib/gcc/arm-none-eabi/11.3.1/../../../../arm-none-eabi/lib/thumb/v7-m/nofp\libc_nano.a
END GROUP
START GROUP
LOAD C:/ST/STM32CubeIDE_1.14.0/STM32CubeIDE/plugins/com.st.stm32cube.ide.mcu.externaltools.gnu-tools-for-stm32.11.3.rel1.win32_1.1.100.202309141235/tools/bin/../lib/gcc/arm-none-eabi/11.3.1/thumb/v7-m/nofp\libgcc.a
LOAD C:/ST/STM32CubeIDE_1.14.0/STM32CubeIDE/plugins/com.st.stm32cube.ide.mcu.externaltools.gnu-tools-for-stm32.11.3.rel1.win32_1.1.100.202309141235/tools/bin/../lib/gcc/arm-none-eabi/11.3.1/../../../../arm-none-eabi/lib/thumb/v7-m/nofp\libc_nano.a
LOAD C:/ST/STM32CubeIDE_1.14.0/STM32CubeIDE/plugins/com.st.stm32cube.ide.mcu.externaltools.gnu-tools-for-stm32.11.3.rel1.win32_1.1.100.202309141235/tools/bin/../lib/gcc/arm-none-eabi/11.3.1/../../../../arm-none-eabi/lib/thumb/v7-m/nofp\libnosys.a
END GROUP
START GROUP
LOAD C:/ST/STM32CubeIDE_1.14.0/STM32CubeIDE/plugins/com.st.stm32cube.ide.mcu.externaltools.gnu-tools-for-stm32.11.3.rel1.win32_1.1.100.202309141235/tools/bin/../lib/gcc/arm-none-eabi/11.3.1/thumb/v7-m/nofp\libgcc.a
LOAD C:/ST/STM32CubeIDE_1.14.0/STM32CubeIDE/plugins/com.st.stm32cube.ide.mcu.externaltools.gnu-tools-for-stm32.11.3.rel1.win32_1.1.100.202309141235/tools/bin/../lib/gcc/arm-none-eabi/11.3.1/../../../../arm-none-eabi/lib/thumb/v7-m/nofp\libc_nano.a
LOAD C:/ST/STM32CubeIDE_1.14.0/STM32CubeIDE/plugins/com.st.stm32cube.ide.mcu.externaltools.gnu-tools-for-stm32.11.3.rel1.win32_1.1.100.202309141235/tools/bin/../lib/gcc/arm-none-eabi/11.3.1/../../../../arm-none-eabi/lib/thumb/v7-m/nofp\libnosys.a
END GROUP
LOAD C:/ST/STM32CubeIDE_1.14.0/STM32CubeIDE/plugins/com.st.stm32cube.ide.mcu.externaltools.gnu-tools-for-stm32.11.3.rel1.win32_1.1.100.202309141235/tools/bin/../lib/gcc/arm-none-eabi/11.3.1/thumb/v7-m/nofp/crtend.o
LOAD C:/ST/STM32CubeIDE_1.14.0/STM32CubeIDE/plugins/com.st.stm32cube.ide.mcu.externaltools.gnu-tools-for-stm32.11.3.rel1.win32_1.1.100.202309141235/tools/bin/../lib/gcc/arm-none-eabi/11.3.1/thumb/v7-m/nofp/crtn.o
                0x0000000020005000                _estack = (ORIGIN (RAM) + LENGTH (RAM))
                0x0000000000000200                _Min_Heap_Size = 0x200
                0x0000000000000400                _Min_Stack_Size = 0x400

.isr_vector     0x0000000008000000      0x130
                0x0000000008000000                . = ALIGN (0x4)
 *(.isr_vector)
 .isr_vector    0x0000000008000000      0x130 ./Startup/startup_stm32f103c8tx.o
                0x0000000008000000                g_pfnVectors
                0x0000000008000130                . = ALIGN (0x4)

.text           0x0000000008000130      0xc2c
                0x0000000008000130                . = ALIGN (0x4)
 *(.text)
 .text          0x0000000008000130       0x40 C:/ST/STM32CubeIDE_1.14.0/STM32CubeIDE/plugins/com.st.stm32cube.ide.mcu.externaltools.gnu-tools-for-stm32.11.3.rel1.win32_1.1.100.202309141235/tools/bin/../lib/gcc/arm-none-eabi/11.3.1/thumb/v7-m/nofp/crtbegin.o
 .text          0x0000000008000170       0x30 C:/ST/STM32CubeIDE_1.14.0/STM32CubeIDE/plugins/com.st.stm32cube.ide.mcu.externaltools.gnu-tools-for-stm32.11.3.rel1.win32_1.1.100.202309141235/tools/bin/../lib/gcc/arm-none-eabi/11.3.1/thumb/v7-m/nofp\libgcc.a(_aeabi_uldivmod.o)
                0x0000000008000170                __aeabi_uldivmod
 .text          0x00000000080001a0      0x2cc C:/ST/STM32CubeIDE_1.14.0/STM32CubeIDE/plugins/com.st.stm32cube.ide.mcu.externaltools.gnu-tools-for-stm32.11.3.rel1.win32_1.1.100.202309141235/tools/bin/../lib/gcc/arm-none-eabi/11.3.1/thumb/v7-m/nofp\libgcc.a(_udivmoddi4.o)
                0x00000000080001a0                __udivmoddi4
 .text          0x000000000800046c        0x4 C:/ST/STM32CubeIDE_1.14.0/STM32CubeIDE/plugins/com.st.stm32cube.ide.mcu.externaltools.gnu-tools-for-stm32.11.3.rel1.win32_1.1.100.202309141235/tools/bin/../lib/gcc/arm-none-eabi/11.3.1/thumb/v7-m/nofp\libgcc.a(_dvmd_tls.o)
                0x000000000800046c                __aeabi_idiv0
                0x000000000800046c                __aeabi_ldiv0
 *(.text*)
 .text.CLCD_voidSendFallingEdge
                0x0000000008000470       0x26 ./Src/HAL/CLCD_program.o
 .text.CLCD_voidSendData
                0x0000000008000496       0x36 ./Src/HAL/CLCD_program.o
                0x0000000008000496                CLCD_voidSendData
 .text.CLCD_voidSendCommand
                0x00000000080004cc       0x36 ./Src/HAL/CLCD_program.o
                0x00000000080004cc                CLCD_voidSendCommand
 .text.CLCD_voidSendString
                0x0000000008000502       0x16 ./Src/HAL/CLCD_program.o
                0x0000000008000502                CLCD_voidSendString
 .text.CLCD_voidSendNumber
                0x0000000008000518       0x76 ./Src/HAL/CLCD_program.o
                0x0000000008000518                CLCD_voidSendNumber
 .text.CLCD_voidSetPosition
                0x000000000800058e       0x2e ./Src/HAL/CLCD_program.o
                0x000000000800058e                CLCD_voidSetPosition
 .text.CLCD_voidClearScreen
                0x00000000080005bc       0x1e ./Src/HAL/CLCD_program.o
                0x00000000080005bc                CLCD_voidClearScreen
 .text.CLCD_voidInit
                0x00000000080005da       0x40 ./Src/HAL/CLCD_program.o
                0x00000000080005da                CLCD_voidInit
 *fill*         0x000000000800061a        0x2 
 .text.Get_pressed
                0x000000000800061c       0x74 ./Src/HAL/Keypad_Program.o
                0x000000000800061c                Get_pressed
 .text.DMA1_Channel1_IRQHandler
                0x0000000008000690       0x10 ./Src/MCAL/DMA_program.o
                0x0000000008000690                DMA1_Channel1_IRQHandler
 .text.DMA1_Channel2_IRQHandler
                0x00000000080006a0       0x10 ./Src/MCAL/DMA_program.o
                0x00000000080006a0                DMA1_Channel2_IRQHandler
 .text.DMA1_Channel3_IRQHandler
                0x00000000080006b0       0x10 ./Src/MCAL/DMA_program.o
                0x00000000080006b0                DMA1_Channel3_IRQHandler
 .text.DMA1_Channel4_IRQHandler
                0x00000000080006c0       0x10 ./Src/MCAL/DMA_program.o
                0x00000000080006c0                DMA1_Channel4_IRQHandler
 .text.DMA1_Channel5_IRQHandler
                0x00000000080006d0       0x10 ./Src/MCAL/DMA_program.o
                0x00000000080006d0                DMA1_Channel5_IRQHandler
 .text.DMA1_Channel6_IRQHandler
                0x00000000080006e0       0x10 ./Src/MCAL/DMA_program.o
                0x00000000080006e0                DMA1_Channel6_IRQHandler
 .text.DMA1_Channel7_IRQHandler
                0x00000000080006f0       0x10 ./Src/MCAL/DMA_program.o
                0x00000000080006f0                DMA1_Channel7_IRQHandler
 .text.EXTI0_IRQHandler
                0x0000000008000700       0x18 ./Src/MCAL/EXTI_program.o
                0x0000000008000700                EXTI0_IRQHandler
 .text.EXTI1_IRQHandler
                0x0000000008000718       0x18 ./Src/MCAL/EXTI_program.o
                0x0000000008000718                EXTI1_IRQHandler
 .text.EXTI2_IRQHandler
                0x0000000008000730       0x18 ./Src/MCAL/EXTI_program.o
                0x0000000008000730                EXTI2_IRQHandler
 .text.EXTI3_IRQHandler
                0x0000000008000748       0x18 ./Src/MCAL/EXTI_program.o
                0x0000000008000748                EXTI3_IRQHandler
 .text.EXTI4_IRQHandler
                0x0000000008000760       0x18 ./Src/MCAL/EXTI_program.o
                0x0000000008000760                EXTI4_IRQHandler
 .text.EXTI9_5_IRQHandler
                0x0000000008000778       0x38 ./Src/MCAL/EXTI_program.o
                0x0000000008000778                EXTI9_5_IRQHandler
 .text.EXTI15_10_IRQHandler
                0x00000000080007b0       0x34 ./Src/MCAL/EXTI_program.o
                0x00000000080007b0                EXTI15_10_IRQHandler
 .text.GPIO_SetPinMode.part.0
                0x00000000080007e4       0x70 ./Src/MCAL/GPIO_program.o
 .text.GPIO_Nibble_Write
                0x0000000008000854       0x24 ./Src/MCAL/GPIO_program.o
                0x0000000008000854                GPIO_Nibble_Write
 .text.GPIO_WritePinValue
                0x0000000008000878       0x2c ./Src/MCAL/GPIO_program.o
                0x0000000008000878                GPIO_WritePinValue
 .text.GPIO_PORT_voidInit
                0x00000000080008a4       0x6c ./Src/MCAL/GPIO_program.o
                0x00000000080008a4                GPIO_PORT_voidInit
 .text.GPIO_GetPinValue
                0x0000000008000910       0x24 ./Src/MCAL/GPIO_program.o
                0x0000000008000910                GPIO_GetPinValue
 .text.RCC_InitSysClk
                0x0000000008000934       0x54 ./Src/MCAL/RCC_program.o
                0x0000000008000934                RCC_InitSysClk
 .text.RCC_PeripheralClk
                0x0000000008000988       0x80 ./Src/MCAL/RCC_program.o
                0x0000000008000988                RCC_PeripheralClk
 .text.SysTick_Handler
                0x0000000008000a08       0x3c ./Src/MCAL/SYSTICK_program.o
                0x0000000008000a08                SysTick_Handler
 .text.TIM1_UP_IRQHandler
                0x0000000008000a44       0x10 ./Src/MCAL/TIMER1_program.o
                0x0000000008000a44                TIM1_UP_IRQHandler
 .text.USART1_IRQHandler
                0x0000000008000a54       0x1c ./Src/MCAL/UART_Program.o
                0x0000000008000a54                USART1_IRQHandler
 .text.USART2_IRQHandler
                0x0000000008000a70       0x1c ./Src/MCAL/UART_Program.o
                0x0000000008000a70                USART2_IRQHandler
 .text.USART3_IRQHandler
                0x0000000008000a8c       0x1c ./Src/MCAL/UART_Program.o
                0x0000000008000a8c                USART3_IRQHandler
 .text._delay_ms
                0x0000000008000aa8       0x1c ./Src/ellithy_dalay.o
                0x0000000008000aa8                _delay_ms
 .text.error    0x0000000008000ac4       0x5c ./Src/main.o
                0x0000000008000ac4                error
 .text.startup.main
                0x0000000008000b20      0x188 ./Src/main.o
                0x0000000008000b20                main
 .text.Reset_Handler
                0x0000000008000ca8       0x50 ./Startup/startup_stm32f103c8tx.o
                0x0000000008000ca8                Reset_Handler
 .text.Default_Handler
                0x0000000008000cf8        0x2 ./Startup/startup_stm32f103c8tx.o
                0x0000000008000cf8                TIM8_TRG_COM_IRQHandler
                0x0000000008000cf8                TIM8_CC_IRQHandler
                0x0000000008000cf8                DebugMon_Handler
                0x0000000008000cf8                TIM1_CC_IRQHandler
                0x0000000008000cf8                HardFault_Handler
                0x0000000008000cf8                TIM6_IRQHandler
                0x0000000008000cf8                PVD_IRQHandler
                0x0000000008000cf8                SDIO_IRQHandler
                0x0000000008000cf8                PendSV_Handler
                0x0000000008000cf8                NMI_Handler
                0x0000000008000cf8                USB_HP_CAN_TX_IRQHandler
                0x0000000008000cf8                I2C2_EV_IRQHandler
                0x0000000008000cf8                UsageFault_Handler
                0x0000000008000cf8                ADC1_2_IRQHandler
                0x0000000008000cf8                SPI1_IRQHandler
                0x0000000008000cf8                CAN_SCE_IRQHandler
                0x0000000008000cf8                TAMPER_IRQHandler
                0x0000000008000cf8                TIM8_UP_IRQHandler
                0x0000000008000cf8                DMA2_Channel2_IRQHandler
                0x0000000008000cf8                RTC_IRQHandler
                0x0000000008000cf8                UART5_IRQHandler
                0x0000000008000cf8                ADC3_IRQHandler
                0x0000000008000cf8                TIM4_IRQHandler
                0x0000000008000cf8                CAN_RX1_IRQHandler
                0x0000000008000cf8                DMA2_Channel1_IRQHandler
                0x0000000008000cf8                I2C1_EV_IRQHandler
                0x0000000008000cf8                UART4_IRQHandler
                0x0000000008000cf8                TIM3_IRQHandler
                0x0000000008000cf8                RCC_IRQHandler
                0x0000000008000cf8                TIM1_TRG_COM_IRQHandler
                0x0000000008000cf8                Default_Handler
                0x0000000008000cf8                TIM7_IRQHandler
                0x0000000008000cf8                TIM5_IRQHandler
                0x0000000008000cf8                SPI2_IRQHandler
                0x0000000008000cf8                USB_LP_CAN_RX0_IRQHandler
                0x0000000008000cf8                MemManage_Handler
                0x0000000008000cf8                SVC_Handler
                0x0000000008000cf8                FSMC_IRQHandler
                0x0000000008000cf8                WWDG_IRQHandler
                0x0000000008000cf8                TIM2_IRQHandler
                0x0000000008000cf8                TIM1_BRK_IRQHandler
                0x0000000008000cf8                RTCAlarm_IRQHandler
                0x0000000008000cf8                DMA2_Channel4_5_IRQHandler
                0x0000000008000cf8                I2C2_ER_IRQHandler
                0x0000000008000cf8                TIM8_BRK_IRQHandler
                0x0000000008000cf8                FLASH_IRQHandler
                0x0000000008000cf8                BusFault_Handler
                0x0000000008000cf8                SPI3_IRQHandler
                0x0000000008000cf8                I2C1_ER_IRQHandler
                0x0000000008000cf8                DMA2_Channel3_IRQHandler
 *fill*         0x0000000008000cfa        0x2 
 .text.__libc_init_array
                0x0000000008000cfc       0x48 C:/ST/STM32CubeIDE_1.14.0/STM32CubeIDE/plugins/com.st.stm32cube.ide.mcu.externaltools.gnu-tools-for-stm32.11.3.rel1.win32_1.1.100.202309141235/tools/bin/../lib/gcc/arm-none-eabi/11.3.1/../../../../arm-none-eabi/lib/thumb/v7-m/nofp\libc_nano.a(libc_a-init.o)
                0x0000000008000cfc                __libc_init_array
 *(.glue_7)
 .glue_7        0x0000000008000d44        0x0 linker stubs
 *(.glue_7t)
 .glue_7t       0x0000000008000d44        0x0 linker stubs
 *(.eh_frame)
 .eh_frame      0x0000000008000d44        0x0 C:/ST/STM32CubeIDE_1.14.0/STM32CubeIDE/plugins/com.st.stm32cube.ide.mcu.externaltools.gnu-tools-for-stm32.11.3.rel1.win32_1.1.100.202309141235/tools/bin/../lib/gcc/arm-none-eabi/11.3.1/thumb/v7-m/nofp/crtbegin.o
 *(.init)
 .init          0x0000000008000d44        0x4 C:/ST/STM32CubeIDE_1.14.0/STM32CubeIDE/plugins/com.st.stm32cube.ide.mcu.externaltools.gnu-tools-for-stm32.11.3.rel1.win32_1.1.100.202309141235/tools/bin/../lib/gcc/arm-none-eabi/11.3.1/thumb/v7-m/nofp/crti.o
                0x0000000008000d44                _init
 .init          0x0000000008000d48        0x8 C:/ST/STM32CubeIDE_1.14.0/STM32CubeIDE/plugins/com.st.stm32cube.ide.mcu.externaltools.gnu-tools-for-stm32.11.3.rel1.win32_1.1.100.202309141235/tools/bin/../lib/gcc/arm-none-eabi/11.3.1/thumb/v7-m/nofp/crtn.o
 *(.fini)
 .fini          0x0000000008000d50        0x4 C:/ST/STM32CubeIDE_1.14.0/STM32CubeIDE/plugins/com.st.stm32cube.ide.mcu.externaltools.gnu-tools-for-stm32.11.3.rel1.win32_1.1.100.202309141235/tools/bin/../lib/gcc/arm-none-eabi/11.3.1/thumb/v7-m/nofp/crti.o
                0x0000000008000d50                _fini
 .fini          0x0000000008000d54        0x8 C:/ST/STM32CubeIDE_1.14.0/STM32CubeIDE/plugins/com.st.stm32cube.ide.mcu.externaltools.gnu-tools-for-stm32.11.3.rel1.win32_1.1.100.202309141235/tools/bin/../lib/gcc/arm-none-eabi/11.3.1/thumb/v7-m/nofp/crtn.o
                0x0000000008000d5c                . = ALIGN (0x4)
                0x0000000008000d5c                _etext = .

.vfp11_veneer   0x0000000008000d5c        0x0
 .vfp11_veneer  0x0000000008000d5c        0x0 linker stubs

.v4_bx          0x0000000008000d5c        0x0
 .v4_bx         0x0000000008000d5c        0x0 linker stubs

.iplt           0x0000000008000d5c        0x0
 .iplt          0x0000000008000d5c        0x0 C:/ST/STM32CubeIDE_1.14.0/STM32CubeIDE/plugins/com.st.stm32cube.ide.mcu.externaltools.gnu-tools-for-stm32.11.3.rel1.win32_1.1.100.202309141235/tools/bin/../lib/gcc/arm-none-eabi/11.3.1/thumb/v7-m/nofp/crtbegin.o

.rodata         0x0000000008000d5c       0x24
                0x0000000008000d5c                . = ALIGN (0x4)
 *(.rodata)
 *(.rodata*)
 .rodata.GPIO_Astr
                0x0000000008000d5c        0xc ./Src/MCAL/GPIO_program.o
 .rodata.error.str1.1
                0x0000000008000d68       0x15 ./Src/main.o
                0x0000000008000d80                . = ALIGN (0x4)
 *fill*         0x0000000008000d7d        0x3 

.ARM.extab      0x0000000008000d80        0x0
                0x0000000008000d80                . = ALIGN (0x4)
 *(.ARM.extab* .gnu.linkonce.armextab.*)
                0x0000000008000d80                . = ALIGN (0x4)

.ARM            0x0000000008000d80        0x8
                0x0000000008000d80                . = ALIGN (0x4)
                0x0000000008000d80                __exidx_start = .
 *(.ARM.exidx*)
 .ARM.exidx     0x0000000008000d80        0x8 C:/ST/STM32CubeIDE_1.14.0/STM32CubeIDE/plugins/com.st.stm32cube.ide.mcu.externaltools.gnu-tools-for-stm32.11.3.rel1.win32_1.1.100.202309141235/tools/bin/../lib/gcc/arm-none-eabi/11.3.1/thumb/v7-m/nofp\libgcc.a(_udivmoddi4.o)
                0x0000000008000d88                __exidx_end = .
                0x0000000008000d88                . = ALIGN (0x4)

.rel.dyn        0x0000000008000d88        0x0
 .rel.iplt      0x0000000008000d88        0x0 C:/ST/STM32CubeIDE_1.14.0/STM32CubeIDE/plugins/com.st.stm32cube.ide.mcu.externaltools.gnu-tools-for-stm32.11.3.rel1.win32_1.1.100.202309141235/tools/bin/../lib/gcc/arm-none-eabi/11.3.1/thumb/v7-m/nofp/crtbegin.o

.preinit_array  0x0000000008000d88        0x0
                0x0000000008000d88                . = ALIGN (0x4)
                0x0000000008000d88                PROVIDE (__preinit_array_start = .)
 *(.preinit_array*)
                0x0000000008000d88                PROVIDE (__preinit_array_end = .)
                0x0000000008000d88                . = ALIGN (0x4)

.init_array     0x0000000008000d88        0x4
                0x0000000008000d88                . = ALIGN (0x4)
                0x0000000008000d88                PROVIDE (__init_array_start = .)
 *(SORT_BY_NAME(.init_array.*))
 *(.init_array*)
 .init_array    0x0000000008000d88        0x4 C:/ST/STM32CubeIDE_1.14.0/STM32CubeIDE/plugins/com.st.stm32cube.ide.mcu.externaltools.gnu-tools-for-stm32.11.3.rel1.win32_1.1.100.202309141235/tools/bin/../lib/gcc/arm-none-eabi/11.3.1/thumb/v7-m/nofp/crtbegin.o
                0x0000000008000d8c                PROVIDE (__init_array_end = .)
                0x0000000008000d8c                . = ALIGN (0x4)

.fini_array     0x0000000008000d8c        0x4
                0x0000000008000d8c                . = ALIGN (0x4)
                [!provide]                        PROVIDE (__fini_array_start = .)
 *(SORT_BY_NAME(.fini_array.*))
 *(.fini_array*)
 .fini_array    0x0000000008000d8c        0x4 C:/ST/STM32CubeIDE_1.14.0/STM32CubeIDE/plugins/com.st.stm32cube.ide.mcu.externaltools.gnu-tools-for-stm32.11.3.rel1.win32_1.1.100.202309141235/tools/bin/../lib/gcc/arm-none-eabi/11.3.1/thumb/v7-m/nofp/crtbegin.o
                [!provide]                        PROVIDE (__fini_array_end = .)
                0x0000000008000d90                . = ALIGN (0x4)
                0x0000000008000d90                _sidata = LOADADDR (.data)

.data           0x0000000020000000       0x50 load address 0x0000000008000d90
                0x0000000020000000                . = ALIGN (0x4)
                0x0000000020000000                _sdata = .
 *(.data)
 *(.data*)
 .data.keypad_Buttons
                0x0000000020000000       0x10 ./Src/HAL/Keypad_Program.o
                0x0000000020000000                keypad_Buttons
 .data.PORTA_DIR
                0x0000000020000010       0x10 ./Src/MCAL/GPIO_program.o
                0x0000000020000010                PORTA_DIR
 .data.PORTA_init_val
                0x0000000020000020       0x10 ./Src/MCAL/GPIO_program.o
                0x0000000020000020                PORTA_init_val
 .data.PORTB_DIR
                0x0000000020000030       0x10 ./Src/MCAL/GPIO_program.o
                0x0000000020000030                PORTB_DIR
 .data.PORTB_init_val
                0x0000000020000040       0x10 ./Src/MCAL/GPIO_program.o
                0x0000000020000040                PORTB_init_val
 *(.RamFunc)
 *(.RamFunc*)
                0x0000000020000050                . = ALIGN (0x4)
                0x0000000020000050                _edata = .

.igot.plt       0x0000000020000050        0x0 load address 0x0000000008000de0
 .igot.plt      0x0000000020000050        0x0 C:/ST/STM32CubeIDE_1.14.0/STM32CubeIDE/plugins/com.st.stm32cube.ide.mcu.externaltools.gnu-tools-for-stm32.11.3.rel1.win32_1.1.100.202309141235/tools/bin/../lib/gcc/arm-none-eabi/11.3.1/thumb/v7-m/nofp/crtbegin.o
                0x0000000020000050                . = ALIGN (0x4)

.bss            0x0000000020000050       0x8c load address 0x0000000008000de0
                0x0000000020000050                _sbss = .
                0x0000000020000050                __bss_start__ = _sbss
 *(.bss)
 .bss           0x0000000020000050       0x1c C:/ST/STM32CubeIDE_1.14.0/STM32CubeIDE/plugins/com.st.stm32cube.ide.mcu.externaltools.gnu-tools-for-stm32.11.3.rel1.win32_1.1.100.202309141235/tools/bin/../lib/gcc/arm-none-eabi/11.3.1/thumb/v7-m/nofp/crtbegin.o
 *(.bss*)
 .bss.Setcallbaks_Ptr
                0x000000002000006c       0x1c ./Src/MCAL/DMA_program.o
 .bss.EXTI_CallBacks
                0x0000000020000088       0x40 ./Src/MCAL/EXTI_program.o
 .bss.SysTK_ModeOfInterval
                0x00000000200000c8        0x1 ./Src/MCAL/SYSTICK_program.o
 *fill*         0x00000000200000c9        0x3 
 .bss.SysTK_ptr_f
                0x00000000200000cc        0x4 ./Src/MCAL/SYSTICK_program.o
 .bss.UART_SetCallbacks
                0x00000000200000d0        0xc ./Src/MCAL/UART_Program.o
 *(COMMON)
                0x00000000200000dc                . = ALIGN (0x4)
                0x00000000200000dc                _ebss = .
                0x00000000200000dc                __bss_end__ = _ebss

._user_heap_stack
                0x00000000200000dc      0x604 load address 0x0000000008000de0
                0x00000000200000e0                . = ALIGN (0x8)
 *fill*         0x00000000200000dc        0x4 
                [!provide]                        PROVIDE (end = .)
                0x00000000200000e0                PROVIDE (_end = .)
                0x00000000200002e0                . = (. + _Min_Heap_Size)
 *fill*         0x00000000200000e0      0x200 
                0x00000000200006e0                . = (. + _Min_Stack_Size)
 *fill*         0x00000000200002e0      0x400 
                0x00000000200006e0                . = ALIGN (0x8)

/DISCARD/
 libc.a(*)
 libm.a(*)
 libgcc.a(*)

.ARM.attributes
                0x0000000000000000       0x29
 *(.ARM.attributes)
 .ARM.attributes
                0x0000000000000000       0x1d C:/ST/STM32CubeIDE_1.14.0/STM32CubeIDE/plugins/com.st.stm32cube.ide.mcu.externaltools.gnu-tools-for-stm32.11.3.rel1.win32_1.1.100.202309141235/tools/bin/../lib/gcc/arm-none-eabi/11.3.1/thumb/v7-m/nofp/crti.o
 .ARM.attributes
                0x000000000000001d       0x2d C:/ST/STM32CubeIDE_1.14.0/STM32CubeIDE/plugins/com.st.stm32cube.ide.mcu.externaltools.gnu-tools-for-stm32.11.3.rel1.win32_1.1.100.202309141235/tools/bin/../lib/gcc/arm-none-eabi/11.3.1/thumb/v7-m/nofp/crtbegin.o
 .ARM.attributes
                0x000000000000004a       0x2d ./Src/HAL/CLCD_program.o
 .ARM.attributes
                0x0000000000000077       0x2d ./Src/HAL/Keypad_Program.o
 .ARM.attributes
                0x00000000000000a4       0x2d ./Src/MCAL/DMA_program.o
 .ARM.attributes
                0x00000000000000d1       0x2d ./Src/MCAL/EXTI_program.o
 .ARM.attributes
                0x00000000000000fe       0x2d ./Src/MCAL/GPIO_program.o
 .ARM.attributes
                0x000000000000012b       0x2d ./Src/MCAL/RCC_program.o
 .ARM.attributes
                0x0000000000000158       0x2d ./Src/MCAL/SYSTICK_program.o
 .ARM.attributes
                0x0000000000000185       0x2d ./Src/MCAL/TIMER1_program.o
 .ARM.attributes
                0x00000000000001b2       0x2d ./Src/MCAL/UART_Program.o
 .ARM.attributes
                0x00000000000001df       0x2d ./Src/ellithy_dalay.o
 .ARM.attributes
                0x000000000000020c       0x2d ./Src/main.o
 .ARM.attributes
                0x0000000000000239       0x21 ./Startup/startup_stm32f103c8tx.o
 .ARM.attributes
                0x000000000000025a       0x2d C:/ST/STM32CubeIDE_1.14.0/STM32CubeIDE/plugins/com.st.stm32cube.ide.mcu.externaltools.gnu-tools-for-stm32.11.3.rel1.win32_1.1.100.202309141235/tools/bin/../lib/gcc/arm-none-eabi/11.3.1/../../../../arm-none-eabi/lib/thumb/v7-m/nofp\libc_nano.a(libc_a-init.o)
 .ARM.attributes
                0x0000000000000287       0x1d C:/ST/STM32CubeIDE_1.14.0/STM32CubeIDE/plugins/com.st.stm32cube.ide.mcu.externaltools.gnu-tools-for-stm32.11.3.rel1.win32_1.1.100.202309141235/tools/bin/../lib/gcc/arm-none-eabi/11.3.1/thumb/v7-m/nofp\libgcc.a(_aeabi_uldivmod.o)
 .ARM.attributes
                0x00000000000002a4       0x2d C:/ST/STM32CubeIDE_1.14.0/STM32CubeIDE/plugins/com.st.stm32cube.ide.mcu.externaltools.gnu-tools-for-stm32.11.3.rel1.win32_1.1.100.202309141235/tools/bin/../lib/gcc/arm-none-eabi/11.3.1/thumb/v7-m/nofp\libgcc.a(_udivmoddi4.o)
 .ARM.attributes
                0x00000000000002d1       0x1d C:/ST/STM32CubeIDE_1.14.0/STM32CubeIDE/plugins/com.st.stm32cube.ide.mcu.externaltools.gnu-tools-for-stm32.11.3.rel1.win32_1.1.100.202309141235/tools/bin/../lib/gcc/arm-none-eabi/11.3.1/thumb/v7-m/nofp\libgcc.a(_dvmd_tls.o)
 .ARM.attributes
                0x00000000000002ee       0x1d C:/ST/STM32CubeIDE_1.14.0/STM32CubeIDE/plugins/com.st.stm32cube.ide.mcu.externaltools.gnu-tools-for-stm32.11.3.rel1.win32_1.1.100.202309141235/tools/bin/../lib/gcc/arm-none-eabi/11.3.1/thumb/v7-m/nofp/crtn.o
OUTPUT(Task_3_IntermediateCalc.elf elf32-littlearm)
LOAD linker stubs
LOAD C:/ST/STM32CubeIDE_1.14.0/STM32CubeIDE/plugins/com.st.stm32cube.ide.mcu.externaltools.gnu-tools-for-stm32.11.3.rel1.win32_1.1.100.202309141235/tools/bin/../lib/gcc/arm-none-eabi/11.3.1/../../../../arm-none-eabi/lib/thumb/v7-m/nofp\libc.a
LOAD C:/ST/STM32CubeIDE_1.14.0/STM32CubeIDE/plugins/com.st.stm32cube.ide.mcu.externaltools.gnu-tools-for-stm32.11.3.rel1.win32_1.1.100.202309141235/tools/bin/../lib/gcc/arm-none-eabi/11.3.1/../../../../arm-none-eabi/lib/thumb/v7-m/nofp\libm.a
LOAD C:/ST/STM32CubeIDE_1.14.0/STM32CubeIDE/plugins/com.st.stm32cube.ide.mcu.externaltools.gnu-tools-for-stm32.11.3.rel1.win32_1.1.100.202309141235/tools/bin/../lib/gcc/arm-none-eabi/11.3.1/thumb/v7-m/nofp\libgcc.a

.comment        0x0000000000000000       0x43
 .comment       0x0000000000000000       0x43 C:/ST/STM32CubeIDE_1.14.0/STM32CubeIDE/plugins/com.st.stm32cube.ide.mcu.externaltools.gnu-tools-for-stm32.11.3.rel1.win32_1.1.100.202309141235/tools/bin/../lib/gcc/arm-none-eabi/11.3.1/thumb/v7-m/nofp/crtbegin.o
                                         0x44 (size before relaxing)
 .comment       0x0000000000000043       0x44 ./Src/HAL/CLCD_program.o
 .comment       0x0000000000000043       0x44 ./Src/HAL/Keypad_Program.o
 .comment       0x0000000000000043       0x44 ./Src/MCAL/DMA_program.o
 .comment       0x0000000000000043       0x44 ./Src/MCAL/EXTI_program.o
 .comment       0x0000000000000043       0x44 ./Src/MCAL/GPIO_program.o
 .comment       0x0000000000000043       0x44 ./Src/MCAL/RCC_program.o
 .comment       0x0000000000000043       0x44 ./Src/MCAL/SYSTICK_program.o
 .comment       0x0000000000000043       0x44 ./Src/MCAL/TIMER1_program.o
 .comment       0x0000000000000043       0x44 ./Src/MCAL/UART_Program.o
 .comment       0x0000000000000043       0x44 ./Src/ellithy_dalay.o
 .comment       0x0000000000000043       0x44 ./Src/main.o

.debug_frame    0x0000000000000000       0x8c
 .debug_frame   0x0000000000000000       0x2c C:/ST/STM32CubeIDE_1.14.0/STM32CubeIDE/plugins/com.st.stm32cube.ide.mcu.externaltools.gnu-tools-for-stm32.11.3.rel1.win32_1.1.100.202309141235/tools/bin/../lib/gcc/arm-none-eabi/11.3.1/../../../../arm-none-eabi/lib/thumb/v7-m/nofp\libc_nano.a(libc_a-init.o)
 .debug_frame   0x000000000000002c       0x2c C:/ST/STM32CubeIDE_1.14.0/STM32CubeIDE/plugins/com.st.stm32cube.ide.mcu.externaltools.gnu-tools-for-stm32.11.3.rel1.win32_1.1.100.202309141235/tools/bin/../lib/gcc/arm-none-eabi/11.3.1/thumb/v7-m/nofp\libgcc.a(_aeabi_uldivmod.o)
 .debug_frame   0x0000000000000058       0x34 C:/ST/STM32CubeIDE_1.14.0/STM32CubeIDE/plugins/com.st.stm32cube.ide.mcu.externaltools.gnu-tools-for-stm32.11.3.rel1.win32_1.1.100.202309141235/tools/bin/../lib/gcc/arm-none-eabi/11.3.1/thumb/v7-m/nofp\libgcc.a(_udivmoddi4.o)
